DEBUG - 2025-09-18 17:21:38 --> Session: Class initialized using 'CodeIgniter\Session\Handlers\FileHandler' driver.
DEBUG - 2025-09-18 17:21:43 --> Session: Class initialized using 'CodeIgniter\Session\Handlers\FileHandler' driver.
DEBUG - 2025-09-18 17:21:52 --> Session: Class initialized using 'CodeIgniter\Session\Handlers\FileHandler' driver.
DEBUG - 2025-09-18 17:21:52 --> Session: Class initialized using 'CodeIgniter\Session\Handlers\FileHandler' driver.
ERROR - 2025-09-18 18:55:36 --> Error connecting to the database: mysqli_sql_exception: No connection could be made because the target machine actively refused it in C:\wamp64\www\codeignitor_project\system\Database\MySQLi\Connection.php:201
Stack trace:
#0 C:\wamp64\www\codeignitor_project\system\Database\MySQLi\Connection.php(201): mysqli->real_connect('localhost', 'root', Object(SensitiveParameterValue), 'blb', 3306, '', 0)
#1 C:\wamp64\www\codeignitor_project\system\Database\BaseConnection.php(419): CodeIgniter\Database\MySQLi\Connection->connect(false)
#2 C:\wamp64\www\codeignitor_project\app\Controllers\Home.php(14): CodeIgniter\Database\BaseConnection->initialize()
#3 C:\wamp64\www\codeignitor_project\system\CodeIgniter.php(933): App\Controllers\Home->index()
#4 C:\wamp64\www\codeignitor_project\system\CodeIgniter.php(507): CodeIgniter\CodeIgniter->runController(Object(App\Controllers\Home))
#5 C:\wamp64\www\codeignitor_project\system\CodeIgniter.php(354): CodeIgniter\CodeIgniter->handleRequest(NULL, Object(Config\Cache), false)
#6 C:\wamp64\www\codeignitor_project\system\Boot.php(363): CodeIgniter\CodeIgniter->run()
#7 C:\wamp64\www\codeignitor_project\system\Boot.php(68): CodeIgniter\Boot::runCodeIgniter(Object(CodeIgniter\CodeIgniter))
#8 C:\wamp64\www\codeignitor_project\public\index.php(59): CodeIgniter\Boot::bootWeb(Object(Config\Paths))
#9 C:\wamp64\www\codeignitor_project\system\rewrite.php(44): require_once('C:\\wamp64\\www\\c...')
#10 {main}

Next CodeIgniter\Database\Exceptions\DatabaseException: No connection could be made because the target machine actively refused it in C:\wamp64\www\codeignitor_project\system\Database\MySQLi\Connection.php:246
Stack trace:
#0 C:\wamp64\www\codeignitor_project\system\Database\BaseConnection.php(419): CodeIgniter\Database\MySQLi\Connection->connect(false)
#1 C:\wamp64\www\codeignitor_project\app\Controllers\Home.php(14): CodeIgniter\Database\BaseConnection->initialize()
#2 C:\wamp64\www\codeignitor_project\system\CodeIgniter.php(933): App\Controllers\Home->index()
#3 C:\wamp64\www\codeignitor_project\system\CodeIgniter.php(507): CodeIgniter\CodeIgniter->runController(Object(App\Controllers\Home))
#4 C:\wamp64\www\codeignitor_project\system\CodeIgniter.php(354): CodeIgniter\CodeIgniter->handleRequest(NULL, Object(Config\Cache), false)
#5 C:\wamp64\www\codeignitor_project\system\Boot.php(363): CodeIgniter\CodeIgniter->run()
#6 C:\wamp64\www\codeignitor_project\system\Boot.php(68): CodeIgniter\Boot::runCodeIgniter(Object(CodeIgniter\CodeIgniter))
#7 C:\wamp64\www\codeignitor_project\public\index.php(59): CodeIgniter\Boot::bootWeb(Object(Config\Paths))
#8 C:\wamp64\www\codeignitor_project\system\rewrite.php(44): require_once('C:\\wamp64\\www\\c...')
#9 {main}
DEBUG - 2025-09-18 19:03:01 --> Session: Class initialized using 'CodeIgniter\Session\Handlers\FileHandler' driver.
DEBUG - 2025-09-18 19:03:01 --> Session: Class initialized using 'CodeIgniter\Session\Handlers\FileHandler' driver.
ERROR - 2025-09-18 19:03:05 --> Error connecting to the database: mysqli_sql_exception: No connection could be made because the target machine actively refused it in C:\wamp64\www\codeignitor_project\system\Database\MySQLi\Connection.php:201
Stack trace:
#0 C:\wamp64\www\codeignitor_project\system\Database\MySQLi\Connection.php(201): mysqli->real_connect('localhost', 'root', Object(SensitiveParameterValue), 'blb', 3306, '', 0)
#1 C:\wamp64\www\codeignitor_project\system\Database\BaseConnection.php(419): CodeIgniter\Database\MySQLi\Connection->connect(false)
#2 C:\wamp64\www\codeignitor_project\system\Database\BaseConnection.php(614): CodeIgniter\Database\BaseConnection->initialize()
#3 C:\wamp64\www\codeignitor_project\system\Database\BaseBuilder.php(1733): CodeIgniter\Database\BaseConnection->query('SELECT COUNT(*)...', Array, false)
#4 C:\wamp64\www\codeignitor_project\app\Controllers\AdminController.php(29): CodeIgniter\Database\BaseBuilder->countAllResults()
#5 C:\wamp64\www\codeignitor_project\system\CodeIgniter.php(933): App\Controllers\AdminController->dashboard()
#6 C:\wamp64\www\codeignitor_project\system\CodeIgniter.php(507): CodeIgniter\CodeIgniter->runController(Object(App\Controllers\AdminController))
#7 C:\wamp64\www\codeignitor_project\system\CodeIgniter.php(354): CodeIgniter\CodeIgniter->handleRequest(NULL, Object(Config\Cache), false)
#8 C:\wamp64\www\codeignitor_project\system\Boot.php(363): CodeIgniter\CodeIgniter->run()
#9 C:\wamp64\www\codeignitor_project\system\Boot.php(68): CodeIgniter\Boot::runCodeIgniter(Object(CodeIgniter\CodeIgniter))
#10 C:\wamp64\www\codeignitor_project\public\index.php(59): CodeIgniter\Boot::bootWeb(Object(Config\Paths))
#11 C:\wamp64\www\codeignitor_project\system\rewrite.php(44): require_once('C:\\wamp64\\www\\c...')
#12 {main}

Next CodeIgniter\Database\Exceptions\DatabaseException: No connection could be made because the target machine actively refused it in C:\wamp64\www\codeignitor_project\system\Database\MySQLi\Connection.php:246
Stack trace:
#0 C:\wamp64\www\codeignitor_project\system\Database\BaseConnection.php(419): CodeIgniter\Database\MySQLi\Connection->connect(false)
#1 C:\wamp64\www\codeignitor_project\system\Database\BaseConnection.php(614): CodeIgniter\Database\BaseConnection->initialize()
#2 C:\wamp64\www\codeignitor_project\system\Database\BaseBuilder.php(1733): CodeIgniter\Database\BaseConnection->query('SELECT COUNT(*)...', Array, false)
#3 C:\wamp64\www\codeignitor_project\app\Controllers\AdminController.php(29): CodeIgniter\Database\BaseBuilder->countAllResults()
#4 C:\wamp64\www\codeignitor_project\system\CodeIgniter.php(933): App\Controllers\AdminController->dashboard()
#5 C:\wamp64\www\codeignitor_project\system\CodeIgniter.php(507): CodeIgniter\CodeIgniter->runController(Object(App\Controllers\AdminController))
#6 C:\wamp64\www\codeignitor_project\system\CodeIgniter.php(354): CodeIgniter\CodeIgniter->handleRequest(NULL, Object(Config\Cache), false)
#7 C:\wamp64\www\codeignitor_project\system\Boot.php(363): CodeIgniter\CodeIgniter->run()
#8 C:\wamp64\www\codeignitor_project\system\Boot.php(68): CodeIgniter\Boot::runCodeIgniter(Object(CodeIgniter\CodeIgniter))
#9 C:\wamp64\www\codeignitor_project\public\index.php(59): CodeIgniter\Boot::bootWeb(Object(Config\Paths))
#10 C:\wamp64\www\codeignitor_project\system\rewrite.php(44): require_once('C:\\wamp64\\www\\c...')
#11 {main}
CRITICAL - 2025-09-18 19:03:05 --> CodeIgniter\Database\Exceptions\DatabaseException: Unable to connect to the database.
Main connection [MySQLi]: No connection could be made because the target machine actively refused it
[Method: GET, Route: admin/dashboard]
in SYSTEMPATH\Database\BaseConnection.php on line 465.
 1 SYSTEMPATH\Database\BaseConnection.php(614): CodeIgniter\Database\BaseConnection->initialize()
 2 SYSTEMPATH\Database\BaseBuilder.php(1733): CodeIgniter\Database\BaseConnection->query('SELECT COUNT(*) AS `numrows`
FROM `service_providers`', [], false)
 3 APPPATH\Controllers\AdminController.php(29): CodeIgniter\Database\BaseBuilder->countAllResults()
 4 SYSTEMPATH\CodeIgniter.php(933): App\Controllers\AdminController->dashboard()
 5 SYSTEMPATH\CodeIgniter.php(507): CodeIgniter\CodeIgniter->runController(Object(App\Controllers\AdminController))
 6 SYSTEMPATH\CodeIgniter.php(354): CodeIgniter\CodeIgniter->handleRequest(null, Object(Config\Cache), false)
 7 SYSTEMPATH\Boot.php(363): CodeIgniter\CodeIgniter->run()
 8 SYSTEMPATH\Boot.php(68): CodeIgniter\Boot::runCodeIgniter(Object(CodeIgniter\CodeIgniter))
 9 FCPATH\index.php(59): CodeIgniter\Boot::bootWeb(Object(Config\Paths))
10 SYSTEMPATH\rewrite.php(44): require_once('C:\\wamp64\\www\\codeignitor_project\\public\\index.php')
DEBUG - 2025-09-18 19:04:13 --> Session: Class initialized using 'CodeIgniter\Session\Handlers\FileHandler' driver.
ERROR - 2025-09-18 19:04:18 --> Error connecting to the database: mysqli_sql_exception: No connection could be made because the target machine actively refused it in C:\wamp64\www\codeignitor_project\system\Database\MySQLi\Connection.php:201
Stack trace:
#0 C:\wamp64\www\codeignitor_project\system\Database\MySQLi\Connection.php(201): mysqli->real_connect('localhost', 'root', Object(SensitiveParameterValue), 'blb', 3306, '', 0)
#1 C:\wamp64\www\codeignitor_project\system\Database\BaseConnection.php(419): CodeIgniter\Database\MySQLi\Connection->connect(false)
#2 C:\wamp64\www\codeignitor_project\system\Database\BaseConnection.php(614): CodeIgniter\Database\BaseConnection->initialize()
#3 C:\wamp64\www\codeignitor_project\system\Database\BaseBuilder.php(1733): CodeIgniter\Database\BaseConnection->query('SELECT COUNT(*)...', Array, false)
#4 C:\wamp64\www\codeignitor_project\app\Controllers\AdminController.php(29): CodeIgniter\Database\BaseBuilder->countAllResults()
#5 C:\wamp64\www\codeignitor_project\system\CodeIgniter.php(933): App\Controllers\AdminController->dashboard()
#6 C:\wamp64\www\codeignitor_project\system\CodeIgniter.php(507): CodeIgniter\CodeIgniter->runController(Object(App\Controllers\AdminController))
#7 C:\wamp64\www\codeignitor_project\system\CodeIgniter.php(354): CodeIgniter\CodeIgniter->handleRequest(NULL, Object(Config\Cache), false)
#8 C:\wamp64\www\codeignitor_project\system\Boot.php(363): CodeIgniter\CodeIgniter->run()
#9 C:\wamp64\www\codeignitor_project\system\Boot.php(68): CodeIgniter\Boot::runCodeIgniter(Object(CodeIgniter\CodeIgniter))
#10 C:\wamp64\www\codeignitor_project\public\index.php(59): CodeIgniter\Boot::bootWeb(Object(Config\Paths))
#11 C:\wamp64\www\codeignitor_project\system\rewrite.php(44): require_once('C:\\wamp64\\www\\c...')
#12 {main}

Next CodeIgniter\Database\Exceptions\DatabaseException: No connection could be made because the target machine actively refused it in C:\wamp64\www\codeignitor_project\system\Database\MySQLi\Connection.php:246
Stack trace:
#0 C:\wamp64\www\codeignitor_project\system\Database\BaseConnection.php(419): CodeIgniter\Database\MySQLi\Connection->connect(false)
#1 C:\wamp64\www\codeignitor_project\system\Database\BaseConnection.php(614): CodeIgniter\Database\BaseConnection->initialize()
#2 C:\wamp64\www\codeignitor_project\system\Database\BaseBuilder.php(1733): CodeIgniter\Database\BaseConnection->query('SELECT COUNT(*)...', Array, false)
#3 C:\wamp64\www\codeignitor_project\app\Controllers\AdminController.php(29): CodeIgniter\Database\BaseBuilder->countAllResults()
#4 C:\wamp64\www\codeignitor_project\system\CodeIgniter.php(933): App\Controllers\AdminController->dashboard()
#5 C:\wamp64\www\codeignitor_project\system\CodeIgniter.php(507): CodeIgniter\CodeIgniter->runController(Object(App\Controllers\AdminController))
#6 C:\wamp64\www\codeignitor_project\system\CodeIgniter.php(354): CodeIgniter\CodeIgniter->handleRequest(NULL, Object(Config\Cache), false)
#7 C:\wamp64\www\codeignitor_project\system\Boot.php(363): CodeIgniter\CodeIgniter->run()
#8 C:\wamp64\www\codeignitor_project\system\Boot.php(68): CodeIgniter\Boot::runCodeIgniter(Object(CodeIgniter\CodeIgniter))
#9 C:\wamp64\www\codeignitor_project\public\index.php(59): CodeIgniter\Boot::bootWeb(Object(Config\Paths))
#10 C:\wamp64\www\codeignitor_project\system\rewrite.php(44): require_once('C:\\wamp64\\www\\c...')
#11 {main}
CRITICAL - 2025-09-18 19:04:18 --> CodeIgniter\Database\Exceptions\DatabaseException: Unable to connect to the database.
Main connection [MySQLi]: No connection could be made because the target machine actively refused it
[Method: GET, Route: admin/dashboard]
in SYSTEMPATH\Database\BaseConnection.php on line 465.
 1 SYSTEMPATH\Database\BaseConnection.php(614): CodeIgniter\Database\BaseConnection->initialize()
 2 SYSTEMPATH\Database\BaseBuilder.php(1733): CodeIgniter\Database\BaseConnection->query('SELECT COUNT(*) AS `numrows`
FROM `service_providers`', [], false)
 3 APPPATH\Controllers\AdminController.php(29): CodeIgniter\Database\BaseBuilder->countAllResults()
 4 SYSTEMPATH\CodeIgniter.php(933): App\Controllers\AdminController->dashboard()
 5 SYSTEMPATH\CodeIgniter.php(507): CodeIgniter\CodeIgniter->runController(Object(App\Controllers\AdminController))
 6 SYSTEMPATH\CodeIgniter.php(354): CodeIgniter\CodeIgniter->handleRequest(null, Object(Config\Cache), false)
 7 SYSTEMPATH\Boot.php(363): CodeIgniter\CodeIgniter->run()
 8 SYSTEMPATH\Boot.php(68): CodeIgniter\Boot::runCodeIgniter(Object(CodeIgniter\CodeIgniter))
 9 FCPATH\index.php(59): CodeIgniter\Boot::bootWeb(Object(Config\Paths))
10 SYSTEMPATH\rewrite.php(44): require_once('C:\\wamp64\\www\\codeignitor_project\\public\\index.php')
DEBUG - 2025-09-18 19:04:36 --> Session: Class initialized using 'CodeIgniter\Session\Handlers\FileHandler' driver.
DEBUG - 2025-09-18 19:04:36 --> Session: Class initialized using 'CodeIgniter\Session\Handlers\FileHandler' driver.
DEBUG - 2025-09-18 19:04:44 --> Session: Class initialized using 'CodeIgniter\Session\Handlers\FileHandler' driver.
DEBUG - 2025-09-18 19:04:46 --> Session: Class initialized using 'CodeIgniter\Session\Handlers\FileHandler' driver.
ERROR - 2025-09-18 19:04:46 --> mysqli_sql_exception: Unknown column 'sort_order' in 'order clause' in C:\wamp64\www\codeignitor_project\system\Database\MySQLi\Connection.php:327
Stack trace:
#0 C:\wamp64\www\codeignitor_project\system\Database\MySQLi\Connection.php(327): mysqli->query('SELECT *\nFROM `...', 0)
#1 C:\wamp64\www\codeignitor_project\system\Database\BaseConnection.php(729): CodeIgniter\Database\MySQLi\Connection->execute('SELECT *\nFROM `...')
#2 C:\wamp64\www\codeignitor_project\system\Database\BaseConnection.php(646): CodeIgniter\Database\BaseConnection->simpleQuery('SELECT *\nFROM `...')
#3 C:\wamp64\www\codeignitor_project\system\Database\BaseBuilder.php(1649): CodeIgniter\Database\BaseConnection->query('SELECT *\nFROM `...', Array, false)
#4 C:\wamp64\www\codeignitor_project\system\Model.php(286): CodeIgniter\Database\BaseBuilder->get()
#5 C:\wamp64\www\codeignitor_project\system\BaseModel.php(677): CodeIgniter\Model->doFindAll(0, 0)
#6 C:\wamp64\www\codeignitor_project\app\Models\ServiceCategoryModel.php(67): CodeIgniter\BaseModel->findAll()
#7 C:\wamp64\www\codeignitor_project\app\Controllers\ServiceProviderController.php(29): App\Models\ServiceCategoryModel->getActiveCategories()
#8 C:\wamp64\www\codeignitor_project\system\CodeIgniter.php(933): App\Controllers\ServiceProviderController->register()
#9 C:\wamp64\www\codeignitor_project\system\CodeIgniter.php(507): CodeIgniter\CodeIgniter->runController(Object(App\Controllers\ServiceProviderController))
#10 C:\wamp64\www\codeignitor_project\system\CodeIgniter.php(354): CodeIgniter\CodeIgniter->handleRequest(NULL, Object(Config\Cache), false)
#11 C:\wamp64\www\codeignitor_project\system\Boot.php(363): CodeIgniter\CodeIgniter->run()
#12 C:\wamp64\www\codeignitor_project\system\Boot.php(68): CodeIgniter\Boot::runCodeIgniter(Object(CodeIgniter\CodeIgniter))
#13 C:\wamp64\www\codeignitor_project\public\index.php(59): CodeIgniter\Boot::bootWeb(Object(Config\Paths))
#14 C:\wamp64\www\codeignitor_project\system\rewrite.php(44): require_once('C:\\wamp64\\www\\c...')
#15 {main}
DEBUG - 2025-09-18 19:05:43 --> Session: Class initialized using 'CodeIgniter\Session\Handlers\FileHandler' driver.
DEBUG - 2025-09-18 19:05:45 --> Session: Class initialized using 'CodeIgniter\Session\Handlers\FileHandler' driver.
DEBUG - 2025-09-18 19:05:45 --> Session: Class initialized using 'CodeIgniter\Session\Handlers\FileHandler' driver.
DEBUG - 2025-09-18 20:06:19 --> Session: Class initialized using 'CodeIgniter\Session\Handlers\FileHandler' driver.
DEBUG - 2025-09-18 20:10:32 --> Session: Class initialized using 'CodeIgniter\Session\Handlers\FileHandler' driver.
DEBUG - 2025-09-18 20:10:54 --> Session: Class initialized using 'CodeIgniter\Session\Handlers\FileHandler' driver.
DEBUG - 2025-09-18 20:10:54 --> Session: Class initialized using 'CodeIgniter\Session\Handlers\FileHandler' driver.
DEBUG - 2025-09-18 20:11:11 --> Session: Class initialized using 'CodeIgniter\Session\Handlers\FileHandler' driver.
DEBUG - 2025-09-18 20:11:13 --> Session: Class initialized using 'CodeIgniter\Session\Handlers\FileHandler' driver.
ERROR - 2025-09-18 20:11:13 --> mysqli_sql_exception: Unknown column 'sort_order' in 'order clause' in C:\wamp64\www\codeignitor_project\system\Database\MySQLi\Connection.php:327
Stack trace:
#0 C:\wamp64\www\codeignitor_project\system\Database\MySQLi\Connection.php(327): mysqli->query('SELECT *\nFROM `...', 0)
#1 C:\wamp64\www\codeignitor_project\system\Database\BaseConnection.php(729): CodeIgniter\Database\MySQLi\Connection->execute('SELECT *\nFROM `...')
#2 C:\wamp64\www\codeignitor_project\system\Database\BaseConnection.php(646): CodeIgniter\Database\BaseConnection->simpleQuery('SELECT *\nFROM `...')
#3 C:\wamp64\www\codeignitor_project\system\Database\BaseBuilder.php(1649): CodeIgniter\Database\BaseConnection->query('SELECT *\nFROM `...', Array, false)
#4 C:\wamp64\www\codeignitor_project\system\Model.php(286): CodeIgniter\Database\BaseBuilder->get()
#5 C:\wamp64\www\codeignitor_project\system\BaseModel.php(677): CodeIgniter\Model->doFindAll(0, 0)
#6 C:\wamp64\www\codeignitor_project\app\Models\ServiceCategoryModel.php(67): CodeIgniter\BaseModel->findAll()
#7 C:\wamp64\www\codeignitor_project\app\Controllers\ServiceProviderController.php(29): App\Models\ServiceCategoryModel->getActiveCategories()
#8 C:\wamp64\www\codeignitor_project\system\CodeIgniter.php(933): App\Controllers\ServiceProviderController->register()
#9 C:\wamp64\www\codeignitor_project\system\CodeIgniter.php(507): CodeIgniter\CodeIgniter->runController(Object(App\Controllers\ServiceProviderController))
#10 C:\wamp64\www\codeignitor_project\system\CodeIgniter.php(354): CodeIgniter\CodeIgniter->handleRequest(NULL, Object(Config\Cache), false)
#11 C:\wamp64\www\codeignitor_project\system\Boot.php(363): CodeIgniter\CodeIgniter->run()
#12 C:\wamp64\www\codeignitor_project\system\Boot.php(68): CodeIgniter\Boot::runCodeIgniter(Object(CodeIgniter\CodeIgniter))
#13 C:\wamp64\www\codeignitor_project\public\index.php(59): CodeIgniter\Boot::bootWeb(Object(Config\Paths))
#14 C:\wamp64\www\codeignitor_project\system\rewrite.php(44): require_once('C:\\wamp64\\www\\c...')
#15 {main}
DEBUG - 2025-09-18 20:12:00 --> Session: Class initialized using 'CodeIgniter\Session\Handlers\FileHandler' driver.
DEBUG - 2025-09-18 20:12:02 --> Session: Class initialized using 'CodeIgniter\Session\Handlers\FileHandler' driver.
DEBUG - 2025-09-18 20:12:02 --> Session: Class initialized using 'CodeIgniter\Session\Handlers\FileHandler' driver.
DEBUG - 2025-09-18 20:12:20 --> Session: Class initialized using 'CodeIgniter\Session\Handlers\FileHandler' driver.
DEBUG - 2025-09-18 20:12:22 --> Session: Class initialized using 'CodeIgniter\Session\Handlers\FileHandler' driver.
DEBUG - 2025-09-18 20:12:29 --> Session: Class initialized using 'CodeIgniter\Session\Handlers\FileHandler' driver.
DEBUG - 2025-09-18 20:12:29 --> Session: Class initialized using 'CodeIgniter\Session\Handlers\FileHandler' driver.
DEBUG - 2025-09-18 20:12:44 --> Session: Class initialized using 'CodeIgniter\Session\Handlers\FileHandler' driver.
ERROR - 2025-09-18 20:12:44 --> mysqli_sql_exception: Unknown column 'psc.service_category_id' in 'on clause' in C:\wamp64\www\codeignitor_project\system\Database\MySQLi\Connection.php:327
Stack trace:
#0 C:\wamp64\www\codeignitor_project\system\Database\MySQLi\Connection.php(327): mysqli->query('SELECT `sp`.*, ...', 0)
#1 C:\wamp64\www\codeignitor_project\system\Database\BaseConnection.php(729): CodeIgniter\Database\MySQLi\Connection->execute('SELECT `sp`.*, ...')
#2 C:\wamp64\www\codeignitor_project\system\Database\BaseConnection.php(646): CodeIgniter\Database\BaseConnection->simpleQuery('SELECT `sp`.*, ...')
#3 C:\wamp64\www\codeignitor_project\system\Database\BaseBuilder.php(1649): CodeIgniter\Database\BaseConnection->query('SELECT `sp`.*, ...', Array, false)
#4 C:\wamp64\www\codeignitor_project\app\Controllers\ServiceProviderController.php(237): CodeIgniter\Database\BaseBuilder->get()
#5 C:\wamp64\www\codeignitor_project\system\CodeIgniter.php(933): App\Controllers\ServiceProviderController->index()
#6 C:\wamp64\www\codeignitor_project\system\CodeIgniter.php(507): CodeIgniter\CodeIgniter->runController(Object(App\Controllers\ServiceProviderController))
#7 C:\wamp64\www\codeignitor_project\system\CodeIgniter.php(354): CodeIgniter\CodeIgniter->handleRequest(NULL, Object(Config\Cache), false)
#8 C:\wamp64\www\codeignitor_project\system\Boot.php(363): CodeIgniter\CodeIgniter->run()
#9 C:\wamp64\www\codeignitor_project\system\Boot.php(68): CodeIgniter\Boot::runCodeIgniter(Object(CodeIgniter\CodeIgniter))
#10 C:\wamp64\www\codeignitor_project\public\index.php(59): CodeIgniter\Boot::bootWeb(Object(Config\Paths))
#11 C:\wamp64\www\codeignitor_project\system\rewrite.php(44): require_once('C:\\wamp64\\www\\c...')
#12 {main}
CRITICAL - 2025-09-18 20:12:44 --> CodeIgniter\View\Exceptions\ViewException: Invalid file: "providers/index.php"
[Method: GET, Route: providers]
in SYSTEMPATH\Exceptions\FrameworkException.php on line 39.
 1 SYSTEMPATH\View\View.php(214): CodeIgniter\Exceptions\FrameworkException::forInvalidFile('providers/index.php')
 2 SYSTEMPATH\Common.php(1167): CodeIgniter\View\View->render('providers/index', [], true)
 3 APPPATH\Controllers\ServiceProviderController.php(248): view('providers/index', [...])
 4 SYSTEMPATH\CodeIgniter.php(933): App\Controllers\ServiceProviderController->index()
 5 SYSTEMPATH\CodeIgniter.php(507): CodeIgniter\CodeIgniter->runController(Object(App\Controllers\ServiceProviderController))
 6 SYSTEMPATH\CodeIgniter.php(354): CodeIgniter\CodeIgniter->handleRequest(null, Object(Config\Cache), false)
 7 SYSTEMPATH\Boot.php(363): CodeIgniter\CodeIgniter->run()
 8 SYSTEMPATH\Boot.php(68): CodeIgniter\Boot::runCodeIgniter(Object(CodeIgniter\CodeIgniter))
 9 FCPATH\index.php(59): CodeIgniter\Boot::bootWeb(Object(Config\Paths))
10 SYSTEMPATH\rewrite.php(44): require_once('C:\\wamp64\\www\\codeignitor_project\\public\\index.php')
DEBUG - 2025-09-18 20:14:03 --> Session: Class initialized using 'CodeIgniter\Session\Handlers\FileHandler' driver.
ERROR - 2025-09-18 20:14:03 --> mysqli_sql_exception: Unknown column 'psc.service_category_id' in 'on clause' in C:\wamp64\www\codeignitor_project\system\Database\MySQLi\Connection.php:327
Stack trace:
#0 C:\wamp64\www\codeignitor_project\system\Database\MySQLi\Connection.php(327): mysqli->query('SELECT `sp`.*, ...', 0)
#1 C:\wamp64\www\codeignitor_project\system\Database\BaseConnection.php(729): CodeIgniter\Database\MySQLi\Connection->execute('SELECT `sp`.*, ...')
#2 C:\wamp64\www\codeignitor_project\system\Database\BaseConnection.php(646): CodeIgniter\Database\BaseConnection->simpleQuery('SELECT `sp`.*, ...')
#3 C:\wamp64\www\codeignitor_project\system\Database\BaseBuilder.php(1649): CodeIgniter\Database\BaseConnection->query('SELECT `sp`.*, ...', Array, false)
#4 C:\wamp64\www\codeignitor_project\app\Controllers\ServiceProviderController.php(237): CodeIgniter\Database\BaseBuilder->get()
#5 C:\wamp64\www\codeignitor_project\system\CodeIgniter.php(933): App\Controllers\ServiceProviderController->index()
#6 C:\wamp64\www\codeignitor_project\system\CodeIgniter.php(507): CodeIgniter\CodeIgniter->runController(Object(App\Controllers\ServiceProviderController))
#7 C:\wamp64\www\codeignitor_project\system\CodeIgniter.php(354): CodeIgniter\CodeIgniter->handleRequest(NULL, Object(Config\Cache), false)
#8 C:\wamp64\www\codeignitor_project\system\Boot.php(363): CodeIgniter\CodeIgniter->run()
#9 C:\wamp64\www\codeignitor_project\system\Boot.php(68): CodeIgniter\Boot::runCodeIgniter(Object(CodeIgniter\CodeIgniter))
#10 C:\wamp64\www\codeignitor_project\public\index.php(59): CodeIgniter\Boot::bootWeb(Object(Config\Paths))
#11 C:\wamp64\www\codeignitor_project\system\rewrite.php(44): require_once('C:\\wamp64\\www\\c...')
#12 {main}
CRITICAL - 2025-09-18 20:14:03 --> CodeIgniter\View\Exceptions\ViewException: Invalid file: "providers/index.php"
[Method: GET, Route: providers]
in SYSTEMPATH\Exceptions\FrameworkException.php on line 39.
 1 SYSTEMPATH\View\View.php(214): CodeIgniter\Exceptions\FrameworkException::forInvalidFile('providers/index.php')
 2 SYSTEMPATH\Common.php(1167): CodeIgniter\View\View->render('providers/index', [], true)
 3 APPPATH\Controllers\ServiceProviderController.php(248): view('providers/index', [...])
 4 SYSTEMPATH\CodeIgniter.php(933): App\Controllers\ServiceProviderController->index()
 5 SYSTEMPATH\CodeIgniter.php(507): CodeIgniter\CodeIgniter->runController(Object(App\Controllers\ServiceProviderController))
 6 SYSTEMPATH\CodeIgniter.php(354): CodeIgniter\CodeIgniter->handleRequest(null, Object(Config\Cache), false)
 7 SYSTEMPATH\Boot.php(363): CodeIgniter\CodeIgniter->run()
 8 SYSTEMPATH\Boot.php(68): CodeIgniter\Boot::runCodeIgniter(Object(CodeIgniter\CodeIgniter))
 9 FCPATH\index.php(59): CodeIgniter\Boot::bootWeb(Object(Config\Paths))
10 SYSTEMPATH\rewrite.php(44): require_once('C:\\wamp64\\www\\codeignitor_project\\public\\index.php')
DEBUG - 2025-09-18 20:19:40 --> Session: Class initialized using 'CodeIgniter\Session\Handlers\FileHandler' driver.
DEBUG - 2025-09-18 20:19:43 --> Session: Class initialized using 'CodeIgniter\Session\Handlers\FileHandler' driver.
DEBUG - 2025-09-18 20:22:57 --> Session: Class initialized using 'CodeIgniter\Session\Handlers\FileHandler' driver.
DEBUG - 2025-09-18 20:23:01 --> Session: Class initialized using 'CodeIgniter\Session\Handlers\FileHandler' driver.
DEBUG - 2025-09-18 20:23:01 --> Session: Class initialized using 'CodeIgniter\Session\Handlers\FileHandler' driver.
DEBUG - 2025-09-18 20:23:07 --> Session: Class initialized using 'CodeIgniter\Session\Handlers\FileHandler' driver.
DEBUG - 2025-09-18 20:23:07 --> Session: Class initialized using 'CodeIgniter\Session\Handlers\FileHandler' driver.
DEBUG - 2025-09-18 20:24:09 --> Session: Class initialized using 'CodeIgniter\Session\Handlers\FileHandler' driver.
DEBUG - 2025-09-18 20:24:13 --> Session: Class initialized using 'CodeIgniter\Session\Handlers\FileHandler' driver.
DEBUG - 2025-09-18 20:32:20 --> Session: Class initialized using 'CodeIgniter\Session\Handlers\FileHandler' driver.
DEBUG - 2025-09-18 20:32:24 --> Session: Class initialized using 'CodeIgniter\Session\Handlers\FileHandler' driver.
ERROR - 2025-09-18 20:32:24 --> mysqli_sql_exception: Unknown column 'sort_order' in 'order clause' in C:\wamp64\www\codeignitor_project\system\Database\MySQLi\Connection.php:327
Stack trace:
#0 C:\wamp64\www\codeignitor_project\system\Database\MySQLi\Connection.php(327): mysqli->query('SELECT *\nFROM `...', 0)
#1 C:\wamp64\www\codeignitor_project\system\Database\BaseConnection.php(729): CodeIgniter\Database\MySQLi\Connection->execute('SELECT *\nFROM `...')
#2 C:\wamp64\www\codeignitor_project\system\Database\BaseConnection.php(646): CodeIgniter\Database\BaseConnection->simpleQuery('SELECT *\nFROM `...')
#3 C:\wamp64\www\codeignitor_project\system\Database\BaseBuilder.php(1649): CodeIgniter\Database\BaseConnection->query('SELECT *\nFROM `...', Array, false)
#4 C:\wamp64\www\codeignitor_project\system\Model.php(286): CodeIgniter\Database\BaseBuilder->get()
#5 C:\wamp64\www\codeignitor_project\system\BaseModel.php(677): CodeIgniter\Model->doFindAll(0, 0)
#6 C:\wamp64\www\codeignitor_project\app\Models\ServiceCategoryModel.php(67): CodeIgniter\BaseModel->findAll()
#7 C:\wamp64\www\codeignitor_project\app\Controllers\ServiceProviderController.php(29): App\Models\ServiceCategoryModel->getActiveCategories()
#8 C:\wamp64\www\codeignitor_project\system\CodeIgniter.php(933): App\Controllers\ServiceProviderController->register()
#9 C:\wamp64\www\codeignitor_project\system\CodeIgniter.php(507): CodeIgniter\CodeIgniter->runController(Object(App\Controllers\ServiceProviderController))
#10 C:\wamp64\www\codeignitor_project\system\CodeIgniter.php(354): CodeIgniter\CodeIgniter->handleRequest(NULL, Object(Config\Cache), false)
#11 C:\wamp64\www\codeignitor_project\system\Boot.php(363): CodeIgniter\CodeIgniter->run()
#12 C:\wamp64\www\codeignitor_project\system\Boot.php(68): CodeIgniter\Boot::runCodeIgniter(Object(CodeIgniter\CodeIgniter))
#13 C:\wamp64\www\codeignitor_project\public\index.php(59): CodeIgniter\Boot::bootWeb(Object(Config\Paths))
#14 C:\wamp64\www\codeignitor_project\system\rewrite.php(44): require_once('C:\\wamp64\\www\\c...')
#15 {main}
